[["U","U","U","U","U","U","U","U","U","U","U","U","U","U","U","U","U","U","U","U","U","U","U","U","U","U","U","U","U","U","U","U","U","U","U","U","U","U","U","U","U","U","U","U","U","U","U","U","U","U","U","U","U","U","U","U","U","U","U","U","U","U","U","U","U","U","U","U","U","U","U","U","U","U","U","U","U","U","U","U","U","U","U","U","U","U","U","U","U","U","U","U","U","U","U","U","U","U","U","U"],
["U","U","U","U","U","U","U","U","U","U","U","U","U","U","U","U","U","U","U","U","U","U","U","U","U","U","U","U","U","U","U","U","U","U","U","U","U","U","U","U","U","U","U","U","U","U","U","U","U","U","U","U","U","U","U","U","U","U","U","U","U","U","U","U","U","U","U","U","U","U","U","U","U","U","U","U","U","U","U","U","U","U","W","W","U","U","U","U","U","U","U","U","U","U","U","U","U","U","U","U"],
["U","U","U","U","U","U","U","U","U","U","U","U","U","U","U","U","U","U","U","U","U","U","U","U","U","U","U","U","U","U","U","U","U","U","U","U","U","U","U","U","U","U","U","U","U","U","U","U","U","U","U","U","U","U","U","U","U","U","U","U","U","U","U","U","U","U","U","U","W","W","W","W","W","U","U","U","U","U","U","U","W","W","W","W","W","W","U","U","U","U","U","U","U","U","U","U","U","U","U","U"],
["U","U","U","U","U","U","U","U","U","U","U","U","U","U","U","U","U","U","U","U","U","U","U","U","U","U","U","U","U","U","U","U","U","U","U","U","U","U","U","U","U","U","U","U","U","U","U","U","U","U","U","U","U","U","U","U","U","U","U","U","U","U","U","U","U","U","W","W","W","W","W","W","W","W","W","W","W","W","W","W","W","W","W","W","W","W","W","W","W","W","W","W","U","U","U","U","U","U","U","U"],
["U","U","U","U","U","U","U","U","U","U","U","U","U","U","U","U","U","U","U","U","U","U","U","U","U","U","U","U","U","U","U","U","U","U","U","U","U","U","U","U","U","U","U","U","U","U","U","U","U","U","U","U","U","U","U","U","U","U","U","U","U","U","U","U","U","W","W","W","W","W","W","W","W","W","W","W","W","W","W","W","W","W","W","P","W","W","W","W","W","W","W","W","W","U","U","U","U","U","U","U"],
["U","U","U","U","U","U","U","U","U","U","U","U","U","U","U","U","U","U","U","U","U","U","U","U","U","U","U","U","U","U","U","U","U","U","U","U","U","U","U","U","U","U","U","U","U","U","U","U","U","U","U","U","U","U","U","U","U","U","U","U","U","U","U","U","W","W","W","W","P","W","W","W","W","W","W","O","O","O","O","O","O","O","O","O","O","O","O","O","O","O","O","W","W","U","U","U","U","U","U","U"],
["U","U","U","U","U","U","U","U","U","U","U","U","U","U","U","U","U","U","U","U","U","U","U","U","U","U","U","U","U","U","U","U","U","U","U","U","U","U","U","U","U","U","U","U","U","U","U","U","U","U","U","U","U","U","U","U","U","U","U","U","U","U","U","U","W","W","O","O","O","O","O","O","O","O","O","O","U","U","U","U","U","U","U","U","U","U","U","U","U","U","O","W","W","U","U","U","U","U","U","U"],
["U","U","U","U","U","U","U","U","U","U","U","U","U","U","U","U","U","U","U","U","U","U","U","U","U","U","U","U","U","U","U","U","U","U","U","U","U","U","U","U","U","U","U","U","U","U","U","U","U","U","U","U","U","U","U","U","U","U","U","U","U","U","U","W","W","W","O","U","U","U","U","U","U","U","U","U","U","U","U","U","U","U","U","U","U","U","U","U","U","U","O","W","W","U","U","U","U","U","U","U"],
["U","U","U","U","U","U","U","U","U","U","U","U","U","U","U","U","U","U","U","U","U","U","U","U","U","U","U","U","U","U","U","U","U","U","U","U","U","U","U","U","U","U","U","U","U","U","U","U","U","U","U","U","U","U","U","U","U","U","U","U","U","U","W","W","W","O","O","U","U","U","U","U","U","U","U","U","U","U","U","U","U","U","U","U","U","U","U","U","U","U","O","W","W","W","U","U","U","U","U","U"],
["U","U","U","U","U","U","U","U","U","U","U","U","U","U","U","U","U","U","U","U","U","U","U","U","U","U","U","U","U","U","U","U","U","U","U","U","U","U","U","U","U","U","U","U","U","U","U","U","U","U","U","U","U","U","U","U","U","U","U","U","U","U","W","W","W","O","U","U","U","U","U","U","U","U","U","U","U","U","U","U","U","U","U","U","U","U","U","U","U","U","O","W","W","W","U","U","U","U","U","U"],
["U","U","U","U","U","U","U","U","U","U","U","U","U","U","W","W","W","W","U","U","U","W","W","U","U","U","U","U","U","U","U","U","U","U","U","U","U","U","U","U","U","U","U","U","U","U","U","U","U","U","U","U","U","U","U","U","U","U","U","U","U","W","W","W","N","O","U","U","U","U","U","U","U","U","U","U","U","U","U","U","U","U","U","U","U","U","U","U","U","N","O","W","W","W","U","U","U","U","U","U"],
["U","U","U","U","U","U","U","U","U","U","U","U","W","W","W","W","W","W","W","W","W","W","W","W","U","U","U","U","U","U","U","U","U","U","U","U","U","U","U","U","U","U","U","U","U","U","U","U","U","U","U","U","U","U","U","U","U","U","U","U","U","W","W","W","W","O","U","U","U","U","U","U","U","U","U","U","U","U","U","U","U","U","U","U","U","U","U","U","U","U","O","O","W","W","U","U","U","U","U","U"],
["U","U","U","U","U","U","U","U","U","U","U","W","W","P","N","N","N","N","N","N","N","N","N","W","W","U","U","U","U","U","U","U","U","U","U","U","U","U","U","U","U","U","U","U","U","U","U","U","U","U","U","U","U","U","U","U","U","U","U","U","U","W","W","W","W","O","U","U","U","U","U","U","U","U","U","U","U","U","U","U","U","U","U","U","U","U","U","U","U","U","U","O","W","W","U","U","U","U","U","U"],
["U","U","U","U","U","U","U","U","U","U","U","W","N","O","O","O","O","O","O","C","O","O","O","N","W","W","W","U","U","U","U","U","U","U","U","U","U","U","U","U","U","U","U","U","U","U","U","U","U","U","U","U","U","U","U","U","U","U","U","U","U","U","W","W","W","O","U","U","U","U","U","U","U","U","U","U","U","U","U","U","U","U","U","U","U","U","U","U","U","U","U","O","W","W","W","U","U","U","U","U"],
["U","U","U","U","U","U","U","U","U","U","W","W","N","O","N","N","N","N","N","N","O","F","O","N","W","W","W","U","U","U","U","U","U","U","U","U","U","U","U","U","U","U","U","U","U","U","U","U","U","U","U","U","U","U","U","U","U","U","U","U","U","U","W","W","W","O","U","U","U","U","U","U","U","U","U","N","U","U","U","U","U","U","U","U","U","U","U","U","U","U","U","O","W","W","W","U","U","U","U","U"],
["U","U","U","U","U","U","U","U","U","U","W","W","N","O","N","N","N","O","N","N","O","F","O","N","W","W","W","W","U","U","U","U","U","U","U","U","U","U","U","U","U","U","U","U","U","U","U","U","U","U","U","U","U","U","U","U","U","U","U","U","U","W","W","W","N","O","U","U","U","O","O","O","O","O","O","O","O","O","O","O","O","O","O","O","O","O","O","O","O","O","O","O","N","W","W","U","U","U","U","U"],
["U","U","U","U","U","U","U","U","U","U","W","W","N","O","N","O","O","O","N","N","O","F","O","N","W","W","W","U","U","U","U","U","U","U","U","U","U","U","U","U","U","U","U","U","U","U","U","U","U","U","U","U","U","U","U","U","U","U","U","U","U","W","W","W","W","O","O","O","O","O","F","F","F","F","F","R","F","F","F","F","F","F","F","O","N","W","W","W","W","W","W","W","W","W","W","U","U","U","U","U"],
["U","U","U","U","U","U","U","U","U","U","W","W","N","O","N","N","N","O","N","N","O","F","O","N","W","W","W","U","U","U","U","U","U","U","U","U","U","U","U","U","U","U","U","U","U","U","U","U","U","U","U","U","U","U","U","U","U","U","U","U","U","U","W","W","W","W","W","W","N","O","O","O","O","O","O","O","O","O","O","O","O","O","F","O","N","W","W","W","W","W","W","W","W","W","W","U","U","U","U","U"],
["U","U","U","U","U","U","U","U","U","U","W","W","N","O","N","N","N","O","N","N","O","F","O","N","W","W","W","U","U","U","U","U","U","U","U","U","U","U","U","U","U","U","U","U","U","U","U","U","U","U","U","U","U","U","U","U","U","U","U","U","U","U","U","W","W","W","W","W","W","N","N","N","N","N","N","N","N","N","N","N","N","O","F","O","W","W","W","W","W","W","W","W","W","U","U","U","U","U","U","U"],
["U","U","U","U","U","U","U","U","U","U","W","W","N","O","N","O","O","O","N","N","O","F","O","N","W","W","U","U","U","U","U","U","U","U","U","U","U","U","U","U","U","U","U","U","U","U","U","U","U","U","U","U","U","U","U","U","U","U","U","U","U","U","U","U","U","W","W","W","W","W","W","W","W","W","W","W","W","W","W","W","N","O","F","O","N","W","W","W","W","W","W","U","U","U","U","U","U","U","U","U"],
["U","U","U","U","U","U","U","U","U","U","W","W","N","O","N","N","N","O","N","N","O","F","O","N","W","U","U","U","U","U","U","U","U","U","U","U","U","U","U","U","U","U","U","U","U","U","U","U","U","U","U","U","U","U","U","U","U","U","U","U","U","U","U","U","U","U","W","W","W","W","W","W","W","W","W","W","W","W","W","W","N","O","F","O","N","W","W","W","W","W","U","U","U","U","U","U","U","U","U","U"],
["U","U","U","U","U","U","U","U","U","U","W","W","N","O","N","N","N","O","N","N","O","F","O","N","W","U","U","U","U","U","U","U","U","U","U","U","U","U","U","U","U","U","U","U","U","U","U","U","U","U","U","U","U","U","U","U","U","U","U","U","U","U","U","U","U","U","U","U","U","U","U","U","U","W","W","W","W","W","W","W","N","O","F","O","N","W","W","W","U","U","U","U","U","U","U","U","U","U","U","U"],
["U","U","U","U","U","U","U","U","U","U","W","W","N","O","O","O","O","O","O","C","O","R","O","N","W","U","U","U","U","U","U","U","U","U","U","U","U","U","U","U","U","U","U","U","U","U","U","U","U","U","U","U","U","U","U","U","U","U","U","U","U","U","U","U","U","U","U","U","U","U","U","U","U","U","U","W","W","W","W","W","N","O","F","O","N","W","W","W","U","U","U","U","U","U","U","U","U","U","U","U"],
["U","U","U","U","U","U","U","U","U","U","U","W","W","N","N","N","N","N","N","N","O","F","O","N","W","U","U","U","U","U","U","U","U","U","U","U","U","U","U","U","U","U","U","U","U","U","U","U","U","U","U","U","U","U","U","U","U","U","U","U","U","U","U","U","U","U","U","U","U","U","U","U","U","U","U","U","W","W","W","W","N","O","F","O","N","W","W","U","U","U","U","U","U","U","U","U","U","U","U","U"],
["U","U","U","U","U","U","U","U","U","U","U","U","W","W","W","W","W","W","W","N","O","F","O","N","W","W","U","U","U","U","U","U","U","U","U","U","U","U","U","U","U","U","U","U","U","U","U","U","U","U","U","U","U","U","U","U","U","U","U","U","U","U","U","U","U","U","U","U","U","U","U","U","U","U","U","U","U","U","U","U","U","L","L","L","U","U","U","U","U","U","U","U","U","U","U","U","U","U","U","U"],
["U","U","U","U","U","U","U","U","U","U","U","U","U","U","U","U","U","U","W","N","O","F","O","N","W","W","U","U","U","U","U","U","U","U","U","U","U","U","U","U","U","U","U","U","U","U","U","U","U","U","U","U","U","U","U","U","U","U","U","U","U","U","U","U","U","U","U","U","U","U","U","U","U","U","U","U","U","W","W","W","N","O","F","O","N","W","W","W","W","U","U","U","U","U","U","U","U","U","U","U"],
["U","U","U","U","U","U","U","U","U","U","U","U","U","U","U","U","U","W","W","N","O","F","O","N","W","U","U","U","U","U","U","U","U","U","U","U","U","U","U","U","U","U","U","U","U","U","U","U","U","U","U","U","U","U","U","U","U","U","U","U","U","U","U","U","U","U","U","U","U","U","U","U","U","W","W","W","W","W","W","W","N","O","F","O","N","W","W","W","W","W","U","U","U","U","U","U","U","U","U","U"],
["U","U","U","U","U","U","U","U","U","U","U","U","U","U","U","U","U","W","W","N","O","F","O","N","W","W","U","U","U","U","U","U","U","U","U","U","U","U","U","U","U","U","U","U","U","U","U","U","U","U","U","U","U","U","U","U","U","U","U","U","U","U","U","U","U","U","U","U","U","U","U","U","W","W","W","W","N","N","N","N","N","O","F","O","N","N","N","N","W","W","W","U","U","U","U","U","U","U","U","U"],
["U","U","U","U","U","U","U","U","U","U","U","U","U","U","U","U","U","W","W","N","O","F","O","N","W","W","U","U","U","U","U","U","U","U","U","U","U","U","U","U","U","U","U","U","U","U","U","U","U","U","U","U","U","U","U","U","U","U","U","U","U","U","U","U","U","U","U","U","U","U","U","U","U","W","W","N","O","O","O","O","O","O","R","O","O","O","O","O","N","W","U","U","U","U","U","U","U","U","U","U"],
["U","U","U","U","U","U","U","U","U","U","U","U","U","U","U","U","U","U","W","N","O","F","O","N","W","U","U","U","U","U","U","U","U","U","U","U","U","U","U","U","U","U","U","U","U","U","U","U","U","U","U","U","U","U","U","U","U","U","U","U","U","U","U","U","U","U","U","U","U","U","U","U","U","W","W","N","O","F","F","F","F","R","F","F","F","F","F","O","N","W","W","U","U","U","U","U","U","U","U","U"],
["U","U","U","U","U","U","U","U","U","U","U","U","U","U","U","U","U","U","W","N","O","F","O","N","W","U","U","U","U","U","U","U","U","U","U","U","U","U","U","U","U","U","U","U","U","U","U","U","U","U","U","U","U","U","U","U","U","U","U","U","U","U","U","U","U","U","U","U","U","U","U","U","U","W","W","N","O","F","O","O","O","O","O","O","O","O","R","O","N","W","W","U","U","U","U","U","U","U","U","U"],
["U","U","U","U","U","U","U","U","U","U","U","U","U","U","U","U","U","U","W","N","O","F","O","N","W","U","U","U","U","U","U","U","U","U","U","U","U","U","U","U","U","U","U","U","U","U","U","U","U","U","U","U","U","U","U","U","U","U","U","U","U","U","U","U","U","U","U","U","U","U","U","U","U","W","W","N","O","F","O","N","N","N","O","N","N","O","F","O","N","W","W","W","U","U","U","U","U","U","U","U"],
["U","U","U","U","U","U","U","U","U","U","U","U","U","U","U","U","U","W","W","N","O","F","O","N","W","U","U","U","U","U","U","U","U","U","U","U","U","U","U","U","U","U","U","U","U","U","U","U","U","U","U","U","U","U","U","U","U","U","U","U","U","U","U","U","U","U","U","U","U","U","U","U","U","W","W","N","O","F","O","N","O","O","O","N","N","O","F","O","N","W","W","W","U","U","U","U","U","U","U","U"],
["U","U","U","U","U","U","U","U","U","U","U","U","U","U","U","U","U","W","W","N","O","F","O","N","W","W","U","U","U","U","U","U","U","U","U","U","U","U","U","U","U","U","U","U","U","U","U","U","U","U","U","U","U","U","U","U","U","U","U","U","U","U","U","U","U","U","U","U","W","U","U","U","U","W","W","N","O","F","O","N","N","N","O","O","N","O","F","O","N","W","W","W","U","U","U","U","U","U","U","U"],
["U","U","U","U","U","U","U","U","U","U","U","U","U","U","U","U","U","W","W","N","O","F","O","N","W","W","U","U","U","U","U","U","U","U","U","U","U","U","U","U","U","U","U","U","U","U","U","U","U","U","U","U","U","U","U","U","U","U","U","U","U","U","U","U","U","U","U","W","W","W","W","W","U","W","W","N","O","F","O","N","N","N","O","N","N","O","F","O","N","W","W","W","W","U","U","U","U","U","U","U"],
["U","U","U","U","U","U","U","U","U","U","U","U","U","U","U","U","U","W","W","N","O","F","O","N","W","W","U","U","U","U","U","U","U","U","U","U","U","U","U","U","U","U","U","W","W","U","U","U","U","U","U","W","U","U","U","U","U","W","U","U","U","W","W","W","W","U","U","W","W","W","W","U","U","W","W","N","O","F","O","N","O","O","O","N","N","O","F","O","N","W","W","W","W","U","U","U","U","U","U","U"],
["U","U","U","U","U","U","U","U","U","U","U","U","U","U","U","U","W","W","W","N","O","F","O","N","W","W","U","U","U","U","U","U","U","U","U","U","U","U","U","U","U","W","W","W","W","W","W","W","W","W","W","W","W","W","W","W","W","W","W","W","W","W","W","W","W","W","W","W","W","W","W","U","U","W","W","N","O","F","O","N","N","N","O","O","N","O","F","O","N","W","W","W","U","U","U","U","U","U","U","U"],
["U","U","U","U","U","U","U","U","U","U","U","U","U","U","U","U","U","W","W","N","O","R","O","N","W","U","U","U","U","U","U","U","U","U","U","U","U","U","U","W","W","W","W","W","W","W","W","W","W","W","W","W","W","W","W","W","W","W","W","W","W","W","W","W","W","W","W","W","W","W","W","W","U","W","W","N","O","F","O","N","N","N","O","P","N","O","F","O","N","W","W","W","U","U","U","U","U","U","U","U"],
["U","U","U","U","U","U","U","U","U","U","U","U","U","U","U","U","U","W","W","N","O","F","O","N","W","U","U","U","U","U","U","U","U","U","U","U","U","U","W","W","W","N","N","N","N","N","N","N","N","N","N","N","N","N","N","N","N","N","N","N","N","N","N","N","N","N","N","W","W","W","W","U","U","W","W","N","O","F","O","N","O","O","O","N","N","O","F","O","N","W","W","W","W","U","U","U","U","U","U","U"],
["U","U","U","U","U","U","U","U","U","U","U","U","U","U","U","U","U","W","W","N","O","F","O","N","W","W","W","U","U","W","U","U","W","W","W","W","U","U","W","W","N","O","O","O","O","O","O","O","O","O","O","O","O","O","O","O","O","O","O","O","O","O","O","O","O","O","O","N","W","W","W","U","U","W","W","N","O","F","O","N","N","N","O","O","N","O","F","O","N","W","W","W","U","U","U","U","U","U","U","U"],
["U","U","U","U","U","U","U","U","U","U","U","U","U","U","U","U","U","W","W","N","O","F","O","N","W","W","W","W","W","W","W","W","W","W","W","W","W","W","W","W","N","O","F","F","F","F","F","F","F","F","F","F","F","R","F","F","F","F","F","F","F","F","F","F","F","F","O","N","W","W","W","U","U","W","W","N","O","F","O","N","N","O","O","N","N","O","F","O","N","W","W","W","U","U","U","U","U","U","U","U"],
["U","U","U","U","U","U","U","U","U","U","U","U","U","U","U","U","W","W","W","N","O","F","O","N","W","W","W","W","W","W","W","W","W","W","W","W","W","W","W","W","N","O","F","O","O","O","O","O","O","O","O","O","O","O","O","O","O","O","O","O","O","O","O","O","O","F","O","N","W","W","W","U","U","W","W","N","O","F","O","N","N","O","U","U","N","O","F","O","N","W","W","W","U","U","U","U","U","U","U","U"],
["U","U","U","U","U","U","U","U","U","U","U","U","U","U","U","U","W","W","W","N","O","F","O","N","N","N","N","N","N","N","N","N","N","N","N","N","N","N","N","N","N","O","F","O","N","N","N","N","N","N","O","N","N","N","N","N","N","N","N","N","N","N","N","N","O","F","O","N","W","W","W","U","U","W","W","N","O","F","O","P","N","O","U","U","N","O","F","O","N","W","W","U","U","U","U","U","U","U","U","U"],
["U","U","U","U","U","U","U","U","U","U","U","U","U","U","U","U","U","W","W","N","O","F","O","O","O","O","O","O","O","O","O","O","O","O","O","O","O","O","O","O","O","O","R","O","N","N","N","P","N","N","O","N","N","N","N","N","N","N","N","N","N","N","N","N","O","F","O","N","W","W","W","U","U","W","W","N","O","F","O","N","O","O","U","U","N","O","F","O","N","W","W","U","U","U","U","U","U","U","U","U"],
["U","U","U","U","U","U","U","U","U","U","U","U","U","U","U","U","U","W","W","N","O","F","F","F","F","F","R","F","F","F","F","F","F","F","F","F","F","F","F","F","F","R","F","O","N","O","O","O","O","O","O","O","O","O","O","O","O","O","O","O","O","O","O","N","O","F","O","N","W","W","W","U","U","W","W","N","O","F","O","N","N","O","U","U","N","O","F","O","N","W","W","U","U","U","U","U","U","U","U","U"],
["U","U","U","U","U","U","U","U","U","U","U","U","U","U","U","U","U","U","W","N","O","O","O","O","O","O","O","R","O","O","O","O","O","O","O","O","O","O","O","O","O","O","F","O","N","N","N","N","N","N","O","N","N","N","N","N","N","N","N","N","N","O","N","N","O","F","O","N","W","W","W","U","U","W","W","N","O","F","O","N","N","O","U","U","N","O","F","O","N","W","W","U","U","U","U","U","U","U","U","U"],
["U","U","U","U","U","U","U","U","U","U","U","U","U","U","U","U","U","U","W","W","N","N","N","N","N","N","O","F","O","N","N","N","O","N","N","N","N","N","N","N","N","O","F","O","N","N","N","N","N","N","O","N","N","E","N","N","N","N","N","N","N","O","N","N","O","F","O","N","W","W","W","W","W","W","W","N","O","F","O","N","O","O","O","O","N","O","F","O","N","W","W","U","U","U","U","U","U","U","U","U"],
["U","U","U","U","U","U","U","U","U","U","U","U","U","U","U","U","U","U","U","W","W","W","W","W","W","N","O","F","O","N","N","O","O","N","N","O","P","N","N","N","N","O","F","O","N","O","O","O","O","O","O","O","O","O","O","O","O","N","O","O","O","O","P","N","O","F","O","N","W","W","W","W","W","W","W","N","O","F","O","N","N","O","N","N","N","O","F","O","N","W","W","U","U","U","U","U","U","U","U","U"],
["U","U","U","U","U","U","U","U","U","U","U","U","U","U","U","U","U","U","U","U","U","U","U","U","W","N","O","F","O","N","N","O","O","N","N","O","O","O","O","O","N","O","F","O","N","N","N","N","N","O","U","U","U","U","U","U","O","N","N","N","N","O","N","N","O","F","O","N","N","N","N","N","N","N","N","N","O","F","O","N","N","O","N","N","N","O","F","O","N","W","W","U","U","U","U","U","U","U","U","U"],
["U","U","U","U","U","U","U","U","U","U","U","U","U","U","U","U","U","U","U","U","U","U","U","W","W","N","O","F","O","N","N","N","O","N","N","O","U","U","O","N","N","O","F","O","N","N","N","N","N","O","U","U","U","U","U","U","O","N","N","N","N","O","N","N","O","R","O","O","O","O","O","O","O","O","O","O","O","R","O","O","O","O","O","O","O","O","F","O","N","W","W","U","U","U","U","U","U","U","U","U"],
["U","U","U","U","U","U","U","U","U","U","U","U","U","U","U","U","U","U","U","U","U","U","U","W","W","N","O","F","O","O","O","O","O","N","N","O","U","U","O","N","N","O","F","O","N","O","O","O","O","O","U","U","U","U","U","U","O","N","O","O","O","O","N","N","O","F","R","F","F","F","F","F","F","F","F","F","F","F","F","F","F","F","F","F","F","R","F","O","N","W","W","W","U","U","U","U","U","U","U","U"],
["U","U","U","U","U","U","U","U","U","U","U","U","U","U","U","U","U","U","U","U","U","U","U","U","W","N","O","F","O","N","N","N","O","N","N","O","U","U","O","N","N","O","F","O","N","N","N","O","N","O","O","O","O","O","O","O","O","N","N","N","N","O","N","N","O","R","O","O","O","O","O","O","F","O","O","O","O","O","O","O","O","O","O","O","O","O","O","O","N","W","W","U","U","U","U","U","U","U","U","U"],
["U","U","U","U","U","U","U","U","U","U","U","U","U","U","U","U","U","U","U","U","U","U","U","W","W","N","O","F","O","N","O","N","O","N","N","O","U","O","O","N","N","O","F","O","N","N","P","O","N","N","N","O","N","N","O","N","N","N","N","N","N","O","N","N","O","F","O","N","N","N","N","O","F","O","N","N","N","N","N","N","N","N","N","N","N","N","N","N","W","W","U","U","U","U","U","U","U","U","U","U"],
["U","U","U","U","U","U","U","U","U","U","U","U","U","U","U","U","U","U","U","U","U","U","U","W","W","N","O","F","O","N","O","N","O","N","O","O","O","O","N","N","N","O","F","O","N","O","O","O","N","N","N","O","N","N","O","N","N","O","O","O","O","O","P","N","O","F","O","N","W","W","N","O","F","O","N","W","W","W","W","W","W","W","W","W","W","W","W","W","W","U","U","U","U","U","U","U","U","U","U","U"],
["U","U","U","U","U","U","U","U","U","U","U","U","U","U","U","U","U","U","U","U","U","U","U","W","W","N","O","F","O","N","O","N","O","N","N","N","O","N","N","O","N","O","F","O","N","N","N","O","O","O","N","O","N","N","O","N","N","O","N","N","N","O","N","N","O","F","O","N","W","W","N","O","F","O","N","W","W","W","W","W","W","W","W","W","W","U","U","U","U","U","U","U","U","U","U","U","U","U","U","U"],
["U","U","U","U","U","U","U","U","U","U","U","U","U","U","U","U","U","U","U","U","U","U","U","W","W","N","O","F","O","N","O","N","O","N","N","N","O","O","O","O","N","O","F","O","N","N","N","N","N","N","N","N","N","N","O","N","N","N","N","N","N","O","N","N","O","F","O","N","W","W","N","O","F","O","N","W","W","W","W","W","W","W","U","U","U","U","U","U","U","U","U","U","U","U","U","U","U","U","U","U"],
["U","U","U","U","U","U","U","U","U","U","U","U","U","U","W","W","U","U","U","U","U","U","U","W","W","N","O","F","O","N","O","N","O","O","O","O","O","N","O","N","N","O","F","O","O","O","O","O","O","O","O","O","O","O","O","O","O","O","O","O","O","O","O","O","O","F","O","N","W","W","N","O","F","O","N","W","W","W","W","W","U","U","U","U","U","U","U","U","U","U","U","U","U","U","U","U","U","U","U","U"],
["U","U","U","U","U","U","U","U","U","U","U","U","W","W","W","W","W","U","U","U","U","U","U","U","W","N","O","F","O","N","O","N","O","N","N","N","O","N","O","N","N","O","F","F","F","R","F","F","F","F","F","F","F","F","F","R","F","F","F","F","F","F","F","F","F","F","O","N","W","W","N","O","F","O","N","W","W","W","W","W","U","U","U","U","U","U","U","U","U","U","U","U","U","U","U","U","U","U","U","U"],
["U","U","U","U","U","U","U","U","U","U","U","W","W","W","W","W","W","W","W","W","W","W","W","U","W","N","O","F","O","N","O","N","O","N","N","N","O","N","O","N","N","O","O","O","O","O","O","O","O","O","O","O","O","O","R","O","O","O","O","O","O","O","O","O","O","O","O","N","W","W","N","O","F","O","N","W","W","W","W","W","W","U","U","U","U","U","U","U","U","U","U","U","U","U","U","U","U","U","U","U"],
["U","U","U","U","U","U","U","U","U","U","U","W","W","W","W","W","W","W","W","W","W","W","W","W","W","N","O","F","O","N","O","O","O","O","N","N","O","N","N","N","N","O","N","N","N","O","N","N","N","N","N","N","N","O","F","O","N","N","N","N","N","N","N","N","W","N","N","W","W","W","N","O","F","O","N","W","W","W","W","W","W","U","U","U","U","U","U","U","U","U","U","U","U","U","U","U","U","U","U","U"],
["U","U","U","U","U","U","U","U","U","U","U","U","W","W","W","W","N","N","N","N","N","N","N","N","N","N","O","F","O","N","O","N","O","N","N","N","O","O","O","O","O","O","N","O","N","O","N","O","N","N","N","N","N","O","F","O","N","W","W","W","W","W","W","W","W","W","W","W","W","W","N","O","F","O","N","W","W","W","W","W","W","U","U","U","U","U","U","U","U","U","U","U","U","U","U","U","U","U","U","U"],
["U","U","U","U","U","U","U","U","U","U","U","U","U","W","W","W","O","O","O","O","O","O","O","O","O","O","O","F","O","N","P","N","N","N","O","N","N","N","O","N","N","O","N","O","N","O","N","O","O","O","O","O","N","O","F","O","N","W","W","W","W","W","W","W","W","W","W","W","W","W","N","O","F","O","N","W","W","W","W","W","W","W","W","W","W","W","U","U","U","U","U","U","U","U","U","U","U","U","U","U"],
["U","U","U","U","U","U","U","U","U","U","U","U","W","W","W","N","O","F","F","F","F","F","F","F","F","F","F","F","O","N","N","O","O","O","O","O","N","N","O","N","N","O","N","O","N","O","N","O","N","N","N","N","N","O","F","O","N","W","W","W","W","W","W","W","W","W","N","N","N","N","N","O","F","O","N","N","N","N","N","N","N","N","N","N","N","W","U","U","U","U","U","U","U","U","U","U","U","U","U","U"],
["U","U","U","U","U","U","U","U","U","U","U","U","W","W","W","N","O","F","O","O","O","O","O","O","O","O","O","O","O","N","N","O","N","N","O","N","N","N","O","N","N","O","N","O","N","O","N","O","N","N","P","N","N","O","F","O","N","W","W","W","W","U","U","W","W","W","O","O","O","O","O","O","R","O","O","O","O","O","O","O","O","O","O","O","O","N","U","U","U","U","U","U","U","U","U","U","U","U","U","U"],
["U","U","U","U","U","U","U","U","U","U","U","U","W","W","W","N","O","F","O","N","N","N","N","N","N","N","N","N","O","N","N","O","N","O","O","O","O","N","N","N","N","O","N","O","N","O","N","O","N","O","O","O","O","O","F","O","N","W","W","W","W","U","U","W","W","N","O","F","F","F","F","R","F","R","F","F","F","F","F","F","F","F","F","F","O","N","U","U","U","U","U","U","U","U","U","U","U","U","U","U"],
["U","U","U","U","U","U","U","U","U","U","U","U","U","U","W","N","O","F","O","N","N","N","N","N","N","N","N","N","O","N","N","O","N","O","N","N","O","O","O","O","N","O","N","O","O","O","O","O","N","O","N","O","N","O","F","O","N","W","W","W","W","U","U","U","W","N","O","O","O","O","O","O","R","O","O","O","O","O","O","O","O","O","O","F","O","N","U","U","U","U","U","U","U","U","U","U","U","U","U","U"],
["U","U","U","U","U","U","U","U","U","U","U","U","U","W","W","N","O","F","O","N","O","O","O","O","O","O","O","N","O","N","N","O","N","O","N","N","O","P","N","N","N","O","N","U","U","U","U","U","N","O","N","O","N","O","F","O","N","W","W","W","W","U","U","U","W","W","N","P","N","N","N","O","F","O","N","N","N","N","N","O","N","N","O","F","O","P","U","U","U","U","U","U","U","U","U","U","U","U","U","U"],
["U","U","U","U","U","U","U","U","U","U","U","U","U","W","W","N","O","F","O","N","N","O","U","U","U","U","O","N","O","N","N","N","N","O","N","N","N","N","N","N","N","O","N","U","U","U","U","U","N","O","N","O","N","O","F","O","N","W","W","W","W","U","U","U","W","W","W","W","W","W","N","O","F","O","N","N","N","N","N","O","N","N","O","F","O","N","U","U","U","U","U","U","U","U","U","U","U","U","U","U"],
["U","U","U","U","U","U","U","U","U","U","U","U","U","W","W","N","O","F","O","N","N","O","U","U","U","U","O","O","O","O","O","O","O","O","O","O","O","O","O","O","O","O","N","U","U","U","U","U","N","O","N","O","N","O","F","O","N","W","W","W","W","U","U","U","U","W","W","W","W","W","N","O","F","O","O","O","O","O","O","O","O","N","O","F","O","N","U","U","U","U","U","U","U","U","U","U","U","U","U","U"],
["U","U","U","U","U","U","U","U","U","U","U","U","U","U","W","N","O","F","O","N","N","O","U","U","U","U","N","N","N","N","N","O","N","N","N","N","O","N","N","N","N","O","N","U","U","U","U","U","N","O","N","O","N","O","F","O","N","W","W","W","W","U","U","U","U","W","W","W","W","W","N","O","F","O","N","N","N","N","N","N","N","N","O","F","O","N","U","U","U","U","U","U","U","U","U","U","U","U","U","U"],
["U","U","U","U","U","U","U","U","U","U","U","U","U","U","W","N","O","F","O","N","N","O","N","N","O","O","O","O","O","O","N","O","N","O","N","N","O","N","N","N","N","O","N","N","N","N","O","O","N","O","N","O","N","O","F","O","N","W","W","W","W","U","U","U","W","W","W","W","W","W","N","O","F","O","O","O","O","O","O","O","O","O","O","F","O","N","U","U","U","U","U","U","U","U","U","U","U","U","U","U"],
["U","U","U","U","U","U","U","U","U","U","U","U","U","U","W","N","O","F","O","N","N","O","O","O","O","N","N","N","N","N","N","O","N","O","N","N","O","N","O","O","O","O","O","O","O","O","O","N","N","O","N","O","N","O","R","O","N","W","W","W","W","U","U","W","W","W","W","W","W","W","N","O","F","F","F","F","F","F","F","F","F","F","R","F","O","N","U","U","U","U","U","U","U","U","U","U","U","U","U","U"],
["U","U","U","U","U","U","U","U","U","U","U","U","U","U","W","N","O","F","O","N","N","O","N","N","O","O","O","O","O","O","O","O","N","O","N","N","O","N","N","N","O","N","N","N","N","N","O","N","N","O","N","O","N","O","F","O","N","W","W","W","W","W","W","W","W","W","W","W","W","W","N","O","O","O","O","O","O","O","O","O","O","O","O","O","O","N","U","U","U","U","U","U","U","U","U","U","U","U","U","U"],
["U","U","U","U","U","U","U","U","U","U","U","U","U","U","W","N","O","F","O","N","N","N","P","N","O","N","N","N","N","O","N","N","O","O","O","O","O","N","O","O","O","O","O","O","O","N","O","O","O","O","N","O","N","O","F","O","N","W","W","W","W","W","W","W","W","W","W","W","W","W","W","N","N","N","N","N","N","N","N","N","N","N","N","N","N","W","W","U","U","U","U","U","U","U","U","U","U","U","U","U"],
["U","U","U","U","U","U","U","U","U","U","U","U","U","W","W","N","O","R","O","O","O","O","O","O","O","N","N","O","N","O","N","O","N","U","U","N","O","N","N","N","O","N","N","N","N","N","O","N","N","N","N","O","N","O","F","O","N","W","W","W","W","W","W","W","W","W","W","U","U","W","W","W","W","W","W","W","W","W","W","W","W","W","W","W","W","W","W","U","U","U","U","U","U","U","U","U","U","U","U","U"],
["U","U","U","U","U","U","U","U","U","U","U","U","W","W","W","N","O","F","O","N","N","N","N","N","N","N","N","O","O","O","N","O","N","U","U","N","O","N","O","O","O","O","O","O","O","N","O","N","O","O","O","O","N","O","F","O","N","W","W","W","W","W","W","W","W","U","U","U","U","U","U","W","W","W","W","W","W","U","U","U","W","W","W","U","U","W","U","U","U","U","U","U","U","U","U","U","U","U","U","U"],
["U","U","U","U","U","U","U","U","U","U","U","U","U","W","W","N","O","F","O","N","O","O","O","O","O","O","N","N","N","O","N","O","N","U","U","N","O","N","N","N","O","N","N","N","N","N","O","N","N","N","O","N","N","O","F","O","N","W","W","W","W","W","W","U","U","U","U","U","U","U","U","U","U","U","U","U","U","U","U","U","U","U","U","U","U","U","U","U","U","U","U","U","U","U","U","U","U","U","U","U"],
["U","U","U","U","U","U","U","U","U","U","U","U","W","W","W","N","O","F","O","N","N","N","N","N","N","O","N","N","N","O","N","O","N","N","N","N","O","N","P","N","O","N","N","N","N","N","O","N","N","N","O","N","N","O","F","O","N","W","W","W","W","W","U","U","U","U","U","U","U","U","U","U","U","U","U","U","U","U","U","U","U","U","U","U","U","U","U","U","U","U","U","U","U","U","U","U","U","U","U","U"],
["U","U","U","U","U","U","U","U","U","U","U","U","W","W","W","N","O","F","O","O","O","O","O","O","O","O","O","O","O","O","O","O","O","O","O","O","O","O","O","O","O","O","O","O","O","O","O","O","O","O","O","O","O","O","F","O","N","W","W","W","W","U","U","U","U","U","U","U","U","U","U","U","U","U","U","U","U","U","U","U","U","U","U","U","U","U","U","U","U","U","U","U","U","U","U","U","U","U","U","U"],
["U","U","U","U","U","U","U","U","U","U","U","U","U","W","W","N","O","F","F","F","F","F","F","F","F","F","F","F","F","F","F","F","F","F","F","F","R","F","F","F","F","F","F","F","F","F","F","F","F","F","F","F","F","F","F","O","N","W","W","W","W","U","U","U","U","U","U","U","U","U","U","U","U","U","U","U","U","U","U","U","U","U","U","U","U","U","U","U","U","U","U","U","U","U","U","U","U","U","U","U"],
["U","U","U","U","U","U","U","U","U","U","U","U","U","W","W","N","O","O","O","O","O","O","O","O","O","O","O","O","O","O","O","O","O","O","O","O","O","O","O","O","O","O","O","O","O","O","O","O","O","O","O","O","O","O","O","O","N","W","W","W","W","U","U","U","U","U","U","U","U","U","U","U","U","U","U","U","U","U","U","U","U","U","U","U","U","U","U","U","U","U","U","U","U","U","U","U","U","U","U","U"],
["U","U","U","U","U","U","U","U","U","U","U","U","U","U","W","W","N","N","N","N","W","W","W","W","N","N","N","N","N","N","N","N","N","N","N","N","N","N","N","N","N","N","N","N","N","N","N","N","N","N","N","N","N","N","N","N","W","W","W","W","U","U","U","U","U","U","U","U","U","U","U","U","U","U","U","U","U","U","U","U","U","U","U","U","U","U","U","U","U","U","U","U","U","U","U","U","U","U","U","U"],
["U","U","U","U","U","U","U","U","U","U","U","U","U","U","W","W","W","W","W","W","W","W","W","W","W","W","W","W","W","W","W","W","W","W","W","W","W","W","W","W","W","W","W","W","W","W","W","W","W","W","W","W","W","W","W","W","W","W","W","W","U","U","U","U","U","U","U","U","U","U","U","U","U","U","U","U","U","U","U","U","U","U","U","U","U","U","U","U","U","U","U","U","U","U","U","U","U","U","U","U"],
["U","U","U","U","U","U","U","U","U","U","U","U","U","W","W","W","W","W","W","W","W","W","W","W","W","W","W","W","W","W","W","W","W","W","W","W","W","U","U","U","U","W","U","U","U","U","U","W","W","W","W","U","U","W","W","W","W","W","U","U","U","U","U","U","U","U","U","U","U","U","U","U","U","U","U","U","U","U","U","U","U","U","U","U","U","U","U","U","U","U","U","U","U","U","U","U","U","U","U","U"],
["U","U","U","U","U","U","U","U","U","U","U","W","W","W","W","W","W","W","W","W","W","W","W","W","W","W","W","W","U","U","U","U","W","W","W","U","U","U","U","U","U","U","U","U","U","U","U","U","U","U","U","U","U","U","U","W","W","U","U","U","U","U","U","U","U","U","U","U","U","U","U","U","U","U","U","U","U","U","U","U","U","U","U","U","U","U","U","U","U","U","U","U","U","U","U","U","U","U","U","U"],
["U","U","U","U","U","U","U","U","U","U","U","W","W","W","W","W","W","W","W","W","W","W","W","W","W","W","W","W","U","U","U","U","U","U","U","U","U","U","U","U","U","U","U","U","U","U","U","U","U","U","U","U","U","U","U","U","U","U","U","U","U","U","U","U","U","U","U","U","U","U","U","U","U","U","U","U","U","U","U","U","U","U","U","U","U","U","U","U","U","U","U","U","U","U","U","U","U","U","U","U"],
["U","U","U","U","U","U","U","U","U","U","U","W","W","W","W","W","W","W","W","W","W","W","W","W","W","W","W","W","W","U","U","U","U","U","U","U","U","U","U","U","U","U","U","U","U","U","U","U","U","U","U","U","U","U","U","U","U","U","U","U","U","U","U","U","U","U","U","U","U","U","U","U","U","U","U","U","U","U","U","U","U","U","U","U","U","U","U","U","U","U","U","U","U","U","U","U","U","U","U","U"],
["U","U","U","U","U","U","U","U","U","U","U","W","W","W","W","W","W","U","U","U","U","W","W","W","W","W","W","W","W","W","U","U","U","U","U","U","U","U","U","U","U","U","U","U","U","U","U","U","U","U","U","U","U","U","U","U","U","U","U","U","U","U","U","U","U","U","U","U","U","U","U","U","U","U","U","U","U","U","U","U","U","U","U","U","U","U","U","U","U","U","U","U","U","U","U","U","U","U","U","U"],
["U","U","U","U","U","U","U","U","U","U","W","W","W","W","W","W","W","U","U","U","V","W","W","W","W","W","W","W","W","W","W","W","U","U","U","U","U","U","U","U","U","U","U","U","U","U","U","U","U","U","U","U","U","U","U","U","U","U","U","U","U","U","U","U","U","U","U","U","U","U","U","U","U","U","U","U","U","U","U","U","U","U","U","U","U","U","U","U","U","U","U","U","U","U","U","U","U","U","U","U"],
["U","U","U","U","U","U","U","U","U","W","W","W","W","W","W","W","W","U","U","U","U","W","W","W","W","W","W","W","W","W","W","W","U","U","U","U","U","U","U","U","U","U","U","U","U","U","U","U","U","U","U","U","U","U","U","U","U","U","U","U","U","U","U","U","U","U","U","U","U","U","U","U","U","U","U","U","U","U","U","U","U","U","U","U","U","U","U","U","U","U","U","U","U","U","U","U","U","U","U","U"],
["U","U","U","U","U","U","U","U","U","W","W","W","W","W","W","W","W","W","W","W","U","W","W","W","W","W","W","W","W","W","W","W","W","U","U","U","U","U","U","U","U","U","U","U","U","U","U","U","U","U","U","U","U","U","U","U","U","U","U","U","U","U","U","U","U","U","U","U","U","U","U","U","U","U","U","U","U","U","U","U","U","U","U","U","U","U","U","U","U","U","U","U","U","U","U","U","U","U","U","U"],
["U","U","U","U","U","U","U","U","U","W","W","W","W","W","W","W","W","W","W","W","W","W","W","W","W","W","W","W","W","W","W","W","W","U","U","U","U","U","U","U","U","U","U","U","U","U","U","U","U","U","U","U","U","U","U","U","U","U","U","U","U","U","U","U","U","U","U","U","U","U","U","U","U","U","U","U","U","U","U","U","U","U","U","U","U","U","U","U","U","U","U","U","U","U","U","U","U","U","U","U"],
["U","U","U","U","U","U","U","U","U","W","W","W","W","W","W","W","W","W","W","W","W","W","W","W","W","W","W","W","W","W","W","W","W","U","U","U","U","U","U","U","U","U","U","U","U","U","U","U","U","U","U","U","U","U","U","U","U","U","U","U","U","U","U","U","U","U","U","U","U","U","U","U","U","U","U","U","U","U","U","U","U","U","U","U","U","U","U","U","U","U","U","U","U","U","U","U","U","U","U","U"],
["U","U","U","U","U","U","U","U","U","U","W","W","W","W","W","W","W","W","W","W","W","W","W","W","W","W","W","W","W","W","W","W","W","U","U","U","U","U","U","U","U","U","U","U","U","U","U","U","U","U","U","U","U","U","U","U","U","U","U","U","U","U","U","U","U","U","U","U","U","U","U","U","U","U","U","U","U","U","U","U","U","U","U","U","U","U","U","U","U","U","U","U","U","U","U","U","U","U","U","U"],
["U","U","U","U","U","U","U","U","U","U","U","U","W","W","W","W","W","W","W","W","W","W","W","W","W","W","W","W","W","W","W","W","U","U","U","U","U","U","U","U","U","U","U","U","U","U","U","U","U","U","U","U","U","U","U","U","U","U","U","U","U","U","U","U","U","U","U","U","U","U","U","U","U","U","U","U","U","U","U","U","U","U","U","U","U","U","U","U","U","U","U","U","U","U","U","U","U","U","U","U"],
["U","U","U","U","U","U","U","U","U","U","U","U","U","U","U","W","W","W","W","U","U","U","U","U","U","U","U","U","U","U","U","U","U","U","U","U","U","U","U","U","U","U","U","U","U","U","U","U","U","U","U","U","U","U","U","U","U","U","U","U","U","U","U","U","U","U","U","U","U","U","U","U","U","U","U","U","U","U","U","U","U","U","U","U","U","U","U","U","U","U","U","U","U","U","U","U","U","U","U","U"],
["U","U","U","U","U","U","U","U","U","U","U","U","U","U","U","U","U","U","U","U","U","U","U","U","U","U","U","U","U","U","U","U","U","U","U","U","U","U","U","U","U","U","U","U","U","U","U","U","U","U","U","U","U","U","U","U","U","U","U","U","U","U","U","U","U","U","U","U","U","U","U","U","U","U","U","U","U","U","U","U","U","U","U","U","U","U","U","U","U","U","U","U","U","U","U","U","U","U","U","U"],
["U","U","U","U","U","U","U","U","U","U","U","U","U","U","U","U","U","U","U","U","U","U","U","U","U","U","U","U","U","U","U","U","U","U","U","U","U","U","U","U","U","U","U","U","U","U","U","U","U","U","U","U","U","U","U","U","U","U","U","U","U","U","U","U","U","U","U","U","U","U","U","U","U","U","U","U","U","U","U","U","U","U","U","U","U","U","U","U","U","U","U","U","U","U","U","U","U","U","U","U"],
["U","U","U","U","U","U","U","U","U","U","U","U","U","U","U","U","U","U","U","U","U","U","U","U","U","U","U","U","U","U","U","U","U","U","U","U","U","U","U","U","U","U","U","U","U","U","U","U","U","U","U","U","U","U","U","U","U","U","U","U","U","U","U","U","U","U","U","U","U","U","U","U","U","U","U","U","U","U","U","U","U","U","U","U","U","U","U","U","U","U","U","U","U","U","U","U","U","U","U","U"],
["U","U","U","U","U","U","U","U","U","U","U","U","U","U","U","U","U","U","U","U","U","U","U","U","U","U","U","U","U","U","U","U","U","U","U","U","U","U","U","U","U","U","U","U","U","U","U","U","U","U","U","U","U","U","U","U","U","U","U","U","U","U","U","U","U","U","U","U","U","U","U","U","U","U","U","U","U","U","U","U","U","U","U","U","U","U","U","U","U","U","U","U","U","U","U","U","U","U","U","U"]]